RF_RX.c:7:6:SPIWrite	16	static
RF_RX.c:11:9:SPIRead	16	static
RF_RX.c:17:6:set_GPIO_pin	16	static
RF_RX.c:26:6:delay_milliseconds	16	static
RF_RX.c:30:6:preInit	16	static
RF_RX.c:36:6:SPIWriteBlock	24	static
RF_RX.c:42:6:SPIReadBlock	32	static
RF_RX.c:48:6:writeRegister	16	static
RF_RX.c:54:6:writeRegisterBlock	16	static
RF_RX.c:60:9:readRegister	24	static
RF_RX.c:67:6:readRegisterBlock	16	static
RF_RX.c:76:9:startRx	8	static
RF_RX.c:90:9:initRadio	16	static
RF_RX.c:115:9:hasData	8	static
RF_RX.c:118:6:readData	24	static
